// Jest Snapshot v1, https://goo.gl/fbAQLP

exports[`CoreoPagination Component Testing 1`] = `
<div
  className="col-md-12 p-0 CoreoPagination"
>
  <ul
    className="pagination"
  >
    <li
      className="PaginationItem PaginationIcon First disabled"
      onClick={[Function]}
    >
      <a
        className=""
        href="#"
      >
        «
      </a>
    </li>
    <li
      className="PaginationItem PaginationIcon Prev disabled"
      onClick={[Function]}
    >
      <a
        className=""
        href="#"
      >
        ⟨
      </a>
    </li>
    <li
      className="PaginationItem active"
      onClick={[Function]}
    >
      <a
        className="undefined"
        href="#"
      >
        1
      </a>
    </li>
    <li
      className="PaginationItem"
      onClick={[Function]}
    >
      <a
        className=""
        href="#"
      >
        2
      </a>
    </li>
    <li
      className="PaginationItem"
      onClick={[Function]}
    >
      <a
        className=""
        href="#"
      >
        3
      </a>
    </li>
    <li
      className="PaginationItem"
      onClick={[Function]}
    >
      <a
        className=""
        href="#"
      >
        4
      </a>
    </li>
    <li
      className="PaginationItem"
      onClick={[Function]}
    >
      <a
        className=""
        href="#"
      >
        5
      </a>
    </li>
    <li
      className="PaginationItem"
      onClick={[Function]}
    >
      <a
        className=""
        href="#"
      >
        6
      </a>
    </li>
    <li
      className="PaginationItem"
      onClick={[Function]}
    >
      <a
        className=""
        href="#"
      >
        7
      </a>
    </li>
    <li
      className="PaginationItem"
      onClick={[Function]}
    >
      <a
        className=""
        href="#"
      >
        8
      </a>
    </li>
    <li
      className="PaginationItem"
      onClick={[Function]}
    >
      <a
        className=""
        href="#"
      >
        9
      </a>
    </li>
    <li
      className="PaginationItem"
      onClick={[Function]}
    >
      <a
        className=""
        href="#"
      >
        10
      </a>
    </li>
    <li
      className="PaginationItem"
      onClick={[Function]}
    >
      <a
        className=""
        href="#"
      >
        11
      </a>
    </li>
    <li
      className="PaginationItem"
      onClick={[Function]}
    >
      <a
        className=""
        href="#"
      >
        12
      </a>
    </li>
    <li
      className="PaginationItem"
      onClick={[Function]}
    >
      <a
        className=""
        href="#"
      >
        13
      </a>
    </li>
    <li
      className="PaginationItem"
      onClick={[Function]}
    >
      <a
        className=""
        href="#"
      >
        14
      </a>
    </li>
    <li
      className="PaginationItem"
      onClick={[Function]}
    >
      <a
        className=""
        href="#"
      >
        15
      </a>
    </li>
    <li
      className="PaginationItem"
      onClick={[Function]}
    >
      <a
        className=""
        href="#"
      >
        16
      </a>
    </li>
    <li
      className="PaginationItem"
      onClick={[Function]}
    >
      <a
        className=""
        href="#"
      >
        17
      </a>
    </li>
    <li
      className="PaginationItem"
      onClick={[Function]}
    >
      <a
        className=""
        href="#"
      >
        18
      </a>
    </li>
    <li
      className="PaginationItem"
      onClick={[Function]}
    >
      <a
        className=""
        href="#"
      >
        19
      </a>
    </li>
    <li
      className="PaginationItem"
      onClick={[Function]}
    >
      <a
        className=""
        href="#"
      >
        20
      </a>
    </li>
    <li
      className="PaginationItem PaginationIcon Next"
      onClick={[Function]}
    >
      <a
        className=""
        href="#"
      >
        ⟩
      </a>
    </li>
    <li
      className="PaginationItem PaginationIcon Last"
      onClick={[Function]}
    >
      <a
        className=""
        href="#"
      >
        »
      </a>
    </li>
  </ul>
</div>
`;
