// Jest Snapshot v1, https://goo.gl/fbAQLP

exports[`FloatLabelInput Component Jest 1`] = `
<div
  className="form-group"
>
  <div
    className="react-floating-label-input active btn"
  >
    <div
      className="container"
      style={
        Object {
          "fontSize": "inherit",
          "height": "2.19em",
        }
      }
    >
      <label
        htmlFor="1"
        style={
          Object {
            "transform": "translate3d(0, -99%, 0) scale(0.99)",
          }
        }
      >
        FirstName
      </label>
      <input
        id="1"
        onBlur={[Function]}
        onChange={undefined}
        onFocus={[Function]}
        placeholder={undefined}
        type="text"
        value="John Doe"
      />
    </div>
  </div>
  <small
    className="form-text text-muted"
    id="undefinedHelp"
  />
</div>
`;
