// Jest Snapshot v1, https://goo.gl/fbAQLP

exports[`ProfileImage Component testing 1`] = `
<div>
  <div>
    <svg
      viewBox="1.55 1.55 33 33"
    >
      <path
        d="M18 2.0845 a 15.9155 15.9155 0 0 1 0 31.831 a 15.9155 15.9155 0 0 1 0 -31.831"
        strokeDasharray="undefined,100"
      />
    </svg>
    <img
      alt="user"
      src="Blank_Profile_icon.png"
    />
  </div>
</div>
`;
